2026-01-14 16:17:13.181381: E tensorflow/compiler/xla/stream_executor/cuda/cuda_dnn.cc:9342] Unable to register cuDNN factory: Attempting to register factory for plugin cuDNN when one has already been registered
2026-01-14 16:17:13.181501: E tensorflow/compiler/xla/stream_executor/cuda/cuda_fft.cc:609] Unable to register cuFFT factory: Attempting to register factory for plugin cuFFT when one has already been registered
2026-01-14 16:17:13.181522: E tensorflow/compiler/xla/stream_executor/cuda/cuda_blas.cc:1518] Unable to register cuBLAS factory: Attempting to register factory for plugin cuBLAS when one has already been registered
2026-01-14 16:17:13.193197: I tensorflow/core/platform/cpu_feature_guard.cc:182] This TensorFlow binary is optimized to use available CPU instructions in performance-critical operations.
To enable the following instructions: SSE4.1 SSE4.2 AVX AVX2 FMA, in other operations, rebuild TensorFlow with the appropriate compiler flags.
/home/akseli/miniconda3/envs/tagger/lib/python3.11/site-packages/requests/__init__.py:86: RequestsDependencyWarning: Unable to find acceptable character detection dependency (chardet or charset_normalizer).
  warnings.warn(
/home/akseli/miniconda3/envs/tagger/lib/python3.11/site-packages/calmjs/parse/utils.py:13: UserWarning: pkg_resources is deprecated as an API. See https://setuptools.pypa.io/en/latest/pkg_resources.html. The pkg_resources package is slated for removal as early as 2025-11-30. Refrain from using this package or pin to Setuptools<81.
  from pkg_resources import working_set
2026-01-14 16:17:57.036927: I tensorflow/core/common_runtime/gpu/gpu_device.cc:1886] Created device /job:localhost/replica:0/task:0/device:GPU:0 with 31124 MB memory:  -> device: 1, name: Tesla V100-DGXS-32GB, pci bus id: 0000:08:00.0, compute capability: 7.0
/home/akseli/ml4hlcms/TrainTagger/tagger/train/train.py:711: UserWarning: FigureCanvasAgg is non-interactive, and thus cannot be shown
  plt.show()
/home/akseli/ml4hlcms/TrainTagger/tagger/train/train.py:736: UserWarning: FigureCanvasAgg is non-interactive, and thus cannot be shown
  plt.show()
Error setting GPU memory growth: Physical devices cannot be modified after being initialized
Re-created existing directory: output/all.
Loading data from:  training_data/all/
Loading percentage:  99
With test ratio of:  0.1
CLASS LABELS: {'bb': 0, 'cc': 1, 'qq': 2, 'background': 3}
JETS: (3728589, 32, 20)
CONSTITS: (3728589, 32, 20)
set1: (32, 20)
(668802, 32, 8)
Features to normalize (indices): [0, 1, 2, 3, 4, 5]
(20000, 32, 8)
Features to normalize (indices): [0, 1, 2, 3, 4, 5]
Test data saved to output/all
DEBUG - Checking jets weighted by sample_weights as a function of pT:
(array([0.00000e+00, 0.00000e+00, 0.00000e+00, 2.00000e+00, 4.00000e+00,
       6.00000e+00, 9.00000e+00, 7.00000e+00, 1.10000e+01, 2.00000e+01,
       6.20000e+01, 1.78000e+02, 4.49000e+02, 1.25500e+03, 1.54304e+05]), array([ 15.,  17.,  19.,  22.,  25.,  30.,  35.,  40.,  45.,  50.,  60.,
        76.,  97., 122., 154.,  inf]))
DEBUG - Checking jets weighted by sample_weights as a function of pT:
(array([0.00000e+00, 0.00000e+00, 0.00000e+00, 2.00000e+00, 4.00000e+00,
       6.00000e+00, 9.00000e+00, 7.00000e+00, 1.10000e+01, 2.00000e+01,
       6.20000e+01, 1.78000e+02, 4.49000e+02, 1.25500e+03, 1.54304e+05]), array([ 15.,  17.,  19.,  22.,  25.,  30.,  35.,  40.,  45.,  50.,  60.,
        76.,  97., 122., 154.,  inf]))
DEBUG - Checking jets weighted by sample_weights as a function of pT:
(array([0.00000e+00, 0.00000e+00, 0.00000e+00, 2.00000e+00, 4.00000e+00,
       6.00000e+00, 9.00000e+00, 7.00000e+00, 1.10000e+01, 2.00000e+01,
       6.20000e+01, 1.78000e+02, 4.49000e+02, 1.25500e+03, 1.54304e+05]), array([ 15.,  17.,  19.,  22.,  25.,  30.,  35.,  40.,  45.,  50.,  60.,
        76.,  97., 122., 154.,  inf]))
DEBUG - Checking jets weighted by sample_weights as a function of pT:
(array([0.00000e+00, 0.00000e+00, 0.00000e+00, 2.00000e+00, 4.00000e+00,
       6.00000e+00, 9.00000e+00, 7.00000e+00, 1.10000e+01, 2.00000e+01,
       6.20000e+01, 1.78000e+02, 4.49000e+02, 1.25500e+03, 1.54304e+05]), array([ 15.,  17.,  19.,  22.,  25.,  30.,  35.,  40.,  45.,  50.,  60.,
        76.,  97., 122., 154.,  inf]))
Reference Class 'bb' set as target shape.
DEBUG - Processed Class 0. Reference used: True
DEBUG - Processed Class 1. Reference used: True
DEBUG - Processed Class 2. Reference used: True
DEBUG - Processed Class 3. Reference used: True
DEBUG - Checking sample_weights:
[1.10397654 1.10397654 1.10397654 ... 0.00489345 0.68632945 0.00489345]
max mass: 1.960970401763916
(32, 8) (4,)
(32, 8) (4,)
Model: "model"
__________________________________________________________________________________________________
 Layer (type)                Output Shape                 Param #   Connected to                  
==================================================================================================
 model_input (InputLayer)    [(None, 32, 8)]              0         []                            
                                                                                                  
 norm_input (BatchNormaliza  (None, 32, 8)                32        ['model_input[0][0]']         
 tion)                                                                                            
                                                                                                  
 Conv1D_1 (QConv1D)          (None, 32, 64)               576       ['norm_input[0][0]']          
                                                                                                  
 relu_1 (QActivation)        (None, 32, 64)               0         ['Conv1D_1[0][0]']            
                                                                                                  
 Conv1D_2 (QConv1D)          (None, 32, 128)              8320      ['relu_1[0][0]']              
                                                                                                  
 relu_2 (QActivation)        (None, 32, 128)              0         ['Conv1D_2[0][0]']            
                                                                                                  
 Conv1D_3 (QConv1D)          (None, 32, 256)              33024     ['relu_2[0][0]']              
                                                                                                  
 relu_3 (QActivation)        (None, 32, 256)              0         ['Conv1D_3[0][0]']            
                                                                                                  
 act_pool (QActivation)      (None, 32, 256)              0         ['relu_3[0][0]']              
                                                                                                  
 pool (GlobalAveragePooling  (None, 256)                  0         ['act_pool[0][0]']            
 1D)                                                                                              
                                                                                                  
 Dense_1_jetID (QDense)      (None, 64)                   16448     ['pool[0][0]']                
                                                                                                  
 relu_1_jetID (QActivation)  (None, 64)                   0         ['Dense_1_jetID[0][0]']       
                                                                                                  
 Dense_2_jetID (QDense)      (None, 32)                   2080      ['relu_1_jetID[0][0]']        
                                                                                                  
 relu_2_jetID (QActivation)  (None, 32)                   0         ['Dense_2_jetID[0][0]']       
                                                                                                  
 Dense_1_pT (QDense)         (None, 10)                   2570      ['pool[0][0]']                
                                                                                                  
 Dense_3_jetID (QDense)      (None, 4)                    132       ['relu_2_jetID[0][0]']        
                                                                                                  
 relu_1_pT (QActivation)     (None, 10)                   0         ['Dense_1_pT[0][0]']          
                                                                                                  
 jet_id_output (Activation)  (None, 4)                    0         ['Dense_3_jetID[0][0]']       
                                                                                                  
 pT_output (QDense)          (None, 1)                    11        ['relu_1_pT[0][0]']           
                                                                                                  
==================================================================================================
Total params: 63193 (246.85 KB)
Trainable params: 63177 (246.79 KB)
Non-trainable params: 16 (64.00 Byte)
__________________________________________________________________________________________________
None
Begin pruning the model...
Epoch 1/300
2026-01-14 16:20:53.681940: I tensorflow/compiler/xla/stream_executor/cuda/cuda_dnn.cc:442] Loaded cuDNN version 8902
2026-01-14 16:20:55.013732: I tensorflow/compiler/xla/service/service.cc:168] XLA service 0x79e94c04a9c0 initialized for platform CUDA (this does not guarantee that XLA will be used). Devices:
2026-01-14 16:20:55.013779: I tensorflow/compiler/xla/service/service.cc:176]   StreamExecutor device (0): Tesla V100-DGXS-32GB, Compute Capability 7.0
2026-01-14 16:20:55.019206: I tensorflow/compiler/mlir/tensorflow/utils/dump_mlir_util.cc:269] disabling MLIR crash reproducer, set env var `MLIR_CRASH_REPRODUCER_DIRECTORY` to enable.
2026-01-14 16:20:55.109720: I ./tensorflow/compiler/jit/device_compiler.h:186] Compiled cluster using XLA!  This line is logged at most once for the lifetime of the process.
9406/9406 - 149s - loss: 0.6631 - prune_low_magnitude_jet_id_output_loss: 0.6191 - prune_low_magnitude_pT_output_loss: 0.0440 - prune_low_magnitude_jet_id_output_categorical_accuracy: 0.4605 - prune_low_magnitude_jet_id_output_weighted_categorical_accuracy: 0.4719 - prune_low_magnitude_pT_output_mae: 0.2446 - prune_low_magnitude_pT_output_mean_squared_error: 0.1582 - prune_low_magnitude_pT_output_weighted_mae: 0.1896 - prune_low_magnitude_pT_output_weighted_mean_squared_error: 0.0913 - val_loss: 0.6780 - val_prune_low_magnitude_jet_id_output_loss: 0.6568 - val_prune_low_magnitude_pT_output_loss: 0.0212 - val_prune_low_magnitude_jet_id_output_categorical_accuracy: 0.2557 - val_prune_low_magnitude_jet_id_output_weighted_categorical_accuracy: 0.4452 - val_prune_low_magnitude_pT_output_mae: 0.3499 - val_prune_low_magnitude_pT_output_mean_squared_error: 0.2749 - val_prune_low_magnitude_pT_output_weighted_mae: 0.1584 - val_prune_low_magnitude_pT_output_weighted_mean_squared_error: 0.0585 - lr: 1.0000e-04 - 149s/epoch - 16ms/step
Epoch 2/300
9406/9406 - 132s - loss: 0.6243 - prune_low_magnitude_jet_id_output_loss: 0.5830 - prune_low_magnitude_pT_output_loss: 0.0413 - prune_low_magnitude_jet_id_output_categorical_accuracy: 0.4894 - prune_low_magnitude_jet_id_output_weighted_categorical_accuracy: 0.4997 - prune_low_magnitude_pT_output_mae: 0.2371 - prune_low_magnitude_pT_output_mean_squared_error: 0.1477 - prune_low_magnitude_pT_output_weighted_mae: 0.1823 - prune_low_magnitude_pT_output_weighted_mean_squared_error: 0.0856 - val_loss: 0.6333 - val_prune_low_magnitude_jet_id_output_loss: 0.6112 - val_prune_low_magnitude_pT_output_loss: 0.0221 - val_prune_low_magnitude_jet_id_output_categorical_accuracy: 0.3031 - val_prune_low_magnitude_jet_id_output_weighted_categorical_accuracy: 0.4830 - val_prune_low_magnitude_pT_output_mae: 0.3373 - val_prune_low_magnitude_pT_output_mean_squared_error: 0.2412 - val_prune_low_magnitude_pT_output_weighted_mae: 0.1693 - val_prune_low_magnitude_pT_output_weighted_mean_squared_error: 0.0604 - lr: 1.0000e-04 - 132s/epoch - 14ms/step
Epoch 3/300
9406/9406 - 132s - loss: 0.6125 - prune_low_magnitude_jet_id_output_loss: 0.5726 - prune_low_magnitude_pT_output_loss: 0.0399 - prune_low_magnitude_jet_id_output_categorical_accuracy: 0.5166 - prune_low_magnitude_jet_id_output_weighted_categorical_accuracy: 0.5082 - prune_low_magnitude_pT_output_mae: 0.2324 - prune_low_magnitude_pT_output_mean_squared_error: 0.1391 - prune_low_magnitude_pT_output_weighted_mae: 0.1791 - prune_low_magnitude_pT_output_weighted_mean_squared_error: 0.0826 - val_loss: 0.4554 - val_prune_low_magnitude_jet_id_output_loss: 0.4334 - val_prune_low_magnitude_pT_output_loss: 0.0220 - val_prune_low_magnitude_jet_id_output_categorical_accuracy: 0.6425 - val_prune_low_magnitude_jet_id_output_weighted_categorical_accuracy: 0.6938 - val_prune_low_magnitude_pT_output_mae: 0.3320 - val_prune_low_magnitude_pT_output_mean_squared_error: 0.2227 - val_prune_low_magnitude_pT_output_weighted_mae: 0.1663 - val_prune_low_magnitude_pT_output_weighted_mean_squared_error: 0.0603 - lr: 1.0000e-04 - 132s/epoch - 14ms/step
Epoch 4/300
9406/9406 - 132s - loss: 0.6050 - prune_low_magnitude_jet_id_output_loss: 0.5660 - prune_low_magnitude_pT_output_loss: 0.0390 - prune_low_magnitude_jet_id_output_categorical_accuracy: 0.5485 - prune_low_magnitude_jet_id_output_weighted_categorical_accuracy: 0.5146 - prune_low_magnitude_pT_output_mae: 0.2301 - prune_low_magnitude_pT_output_mean_squared_error: 0.1339 - prune_low_magnitude_pT_output_weighted_mae: 0.1771 - prune_low_magnitude_pT_output_weighted_mean_squared_error: 0.0805 - val_loss: 0.5826 - val_prune_low_magnitude_jet_id_output_loss: 0.5613 - val_prune_low_magnitude_pT_output_loss: 0.0212 - val_prune_low_magnitude_jet_id_output_categorical_accuracy: 0.5933 - val_prune_low_magnitude_jet_id_output_weighted_categorical_accuracy: 0.5482 - val_prune_low_magnitude_pT_output_mae: 0.3210 - val_prune_low_magnitude_pT_output_mean_squared_error: 0.2179 - val_prune_low_magnitude_pT_output_weighted_mae: 0.1554 - val_prune_low_magnitude_pT_output_weighted_mean_squared_error: 0.0584 - lr: 1.0000e-04 - 132s/epoch - 14ms/step
Epoch 5/300
9406/9406 - 132s - loss: 0.5990 - prune_low_magnitude_jet_id_output_loss: 0.5607 - prune_low_magnitude_pT_output_loss: 0.0383 - prune_low_magnitude_jet_id_output_categorical_accuracy: 0.5664 - prune_low_magnitude_jet_id_output_weighted_categorical_accuracy: 0.5188 - prune_low_magnitude_pT_output_mae: 0.2286 - prune_low_magnitude_pT_output_mean_squared_error: 0.1313 - prune_low_magnitude_pT_output_weighted_mae: 0.1753 - prune_low_magnitude_pT_output_weighted_mean_squared_error: 0.0788 - val_loss: 0.5599 - val_prune_low_magnitude_jet_id_output_loss: 0.5383 - val_prune_low_magnitude_pT_output_loss: 0.0216 - val_prune_low_magnitude_jet_id_output_categorical_accuracy: 0.6836 - val_prune_low_magnitude_jet_id_output_weighted_categorical_accuracy: 0.5387 - val_prune_low_magnitude_pT_output_mae: 0.3209 - val_prune_low_magnitude_pT_output_mean_squared_error: 0.2094 - val_prune_low_magnitude_pT_output_weighted_mae: 0.1593 - val_prune_low_magnitude_pT_output_weighted_mean_squared_error: 0.0591 - lr: 1.0000e-04 - 132s/epoch - 14ms/step
Epoch 6/300
9406/9406 - 133s - loss: 0.5943 - prune_low_magnitude_jet_id_output_loss: 0.5566 - prune_low_magnitude_pT_output_loss: 0.0376 - prune_low_magnitude_jet_id_output_categorical_accuracy: 0.5774 - prune_low_magnitude_jet_id_output_weighted_categorical_accuracy: 0.5223 - prune_low_magnitude_pT_output_mae: 0.2277 - prune_low_magnitude_pT_output_mean_squared_error: 0.1293 - prune_low_magnitude_pT_output_weighted_mae: 0.1738 - prune_low_magnitude_pT_output_weighted_mean_squared_error: 0.0773 - val_loss: 0.5724 - val_prune_low_magnitude_jet_id_output_loss: 0.5509 - val_prune_low_magnitude_pT_output_loss: 0.0215 - val_prune_low_magnitude_jet_id_output_categorical_accuracy: 0.6901 - val_prune_low_magnitude_jet_id_output_weighted_categorical_accuracy: 0.5385 - val_prune_low_magnitude_pT_output_mae: 0.3207 - val_prune_low_magnitude_pT_output_mean_squared_error: 0.2161 - val_prune_low_magnitude_pT_output_weighted_mae: 0.1579 - val_prune_low_magnitude_pT_output_weighted_mean_squared_error: 0.0591 - lr: 1.0000e-04 - 133s/epoch - 14ms/step
Epoch 7/300
9406/9406 - 132s - loss: 0.5906 - prune_low_magnitude_jet_id_output_loss: 0.5536 - prune_low_magnitude_pT_output_loss: 0.0370 - prune_low_magnitude_jet_id_output_categorical_accuracy: 0.5828 - prune_low_magnitude_jet_id_output_weighted_categorical_accuracy: 0.5245 - prune_low_magnitude_pT_output_mae: 0.2267 - prune_low_magnitude_pT_output_mean_squared_error: 0.1275 - prune_low_magnitude_pT_output_weighted_mae: 0.1723 - prune_low_magnitude_pT_output_weighted_mean_squared_error: 0.0758 - val_loss: 0.4540 - val_prune_low_magnitude_jet_id_output_loss: 0.4331 - val_prune_low_magnitude_pT_output_loss: 0.0209 - val_prune_low_magnitude_jet_id_output_categorical_accuracy: 0.7474 - val_prune_low_magnitude_jet_id_output_weighted_categorical_accuracy: 0.6744 - val_prune_low_magnitude_pT_output_mae: 0.3206 - val_prune_low_magnitude_pT_output_mean_squared_error: 0.2165 - val_prune_low_magnitude_pT_output_weighted_mae: 0.1552 - val_prune_low_magnitude_pT_output_weighted_mean_squared_error: 0.0573 - lr: 1.0000e-04 - 132s/epoch - 14ms/step
Epoch 8/300
9406/9406 - 132s - loss: 0.5873 - prune_low_magnitude_jet_id_output_loss: 0.5509 - prune_low_magnitude_pT_output_loss: 0.0364 - prune_low_magnitude_jet_id_output_categorical_accuracy: 0.5873 - prune_low_magnitude_jet_id_output_weighted_categorical_accuracy: 0.5267 - prune_low_magnitude_pT_output_mae: 0.2256 - prune_low_magnitude_pT_output_mean_squared_error: 0.1257 - prune_low_magnitude_pT_output_weighted_mae: 0.1711 - prune_low_magnitude_pT_output_weighted_mean_squared_error: 0.0745 - val_loss: 0.6622 - val_prune_low_magnitude_jet_id_output_loss: 0.6409 - val_prune_low_magnitude_pT_output_loss: 0.0212 - val_prune_low_magnitude_jet_id_output_categorical_accuracy: 0.6679 - val_prune_low_magnitude_jet_id_output_weighted_categorical_accuracy: 0.4774 - val_prune_low_magnitude_pT_output_mae: 0.3220 - val_prune_low_magnitude_pT_output_mean_squared_error: 0.2161 - val_prune_low_magnitude_pT_output_weighted_mae: 0.1570 - val_prune_low_magnitude_pT_output_weighted_mean_squared_error: 0.0583 - lr: 1.0000e-04 - 132s/epoch - 14ms/step
Epoch 9/300
9406/9406 - 132s - loss: 0.5847 - prune_low_magnitude_jet_id_output_loss: 0.5487 - prune_low_magnitude_pT_output_loss: 0.0360 - prune_low_magnitude_jet_id_output_categorical_accuracy: 0.5888 - prune_low_magnitude_jet_id_output_weighted_categorical_accuracy: 0.5282 - prune_low_magnitude_pT_output_mae: 0.2239 - prune_low_magnitude_pT_output_mean_squared_error: 0.1236 - prune_low_magnitude_pT_output_weighted_mae: 0.1700 - prune_low_magnitude_pT_output_weighted_mean_squared_error: 0.0734 - val_loss: 0.4805 - val_prune_low_magnitude_jet_id_output_loss: 0.4590 - val_prune_low_magnitude_pT_output_loss: 0.0214 - val_prune_low_magnitude_jet_id_output_categorical_accuracy: 0.7385 - val_prune_low_magnitude_jet_id_output_weighted_categorical_accuracy: 0.6346 - val_prune_low_magnitude_pT_output_mae: 0.3209 - val_prune_low_magnitude_pT_output_mean_squared_error: 0.2084 - val_prune_low_magnitude_pT_output_weighted_mae: 0.1608 - val_prune_low_magnitude_pT_output_weighted_mean_squared_error: 0.0587 - lr: 1.0000e-04 - 132s/epoch - 14ms/step
Epoch 10/300
9406/9406 - 132s - loss: 0.5827 - prune_low_magnitude_jet_id_output_loss: 0.5472 - prune_low_magnitude_pT_output_loss: 0.0355 - prune_low_magnitude_jet_id_output_categorical_accuracy: 0.5913 - prune_low_magnitude_jet_id_output_weighted_categorical_accuracy: 0.5294 - prune_low_magnitude_pT_output_mae: 0.2223 - prune_low_magnitude_pT_output_mean_squared_error: 0.1214 - prune_low_magnitude_pT_output_weighted_mae: 0.1691 - prune_low_magnitude_pT_output_weighted_mean_squared_error: 0.0723 - val_loss: 0.5537 - val_prune_low_magnitude_jet_id_output_loss: 0.5325 - val_prune_low_magnitude_pT_output_loss: 0.0212 - val_prune_low_magnitude_jet_id_output_categorical_accuracy: 0.7388 - val_prune_low_magnitude_jet_id_output_weighted_categorical_accuracy: 0.5779 - val_prune_low_magnitude_pT_output_mae: 0.3239 - val_prune_low_magnitude_pT_output_mean_squared_error: 0.2105 - val_prune_low_magnitude_pT_output_weighted_mae: 0.1620 - val_prune_low_magnitude_pT_output_weighted_mean_squared_error: 0.0579 - lr: 1.0000e-04 - 132s/epoch - 14ms/step
Epoch 11/300
9406/9406 - 132s - loss: 0.5811 - prune_low_magnitude_jet_id_output_loss: 0.5460 - prune_low_magnitude_pT_output_loss: 0.0351 - prune_low_magnitude_jet_id_output_categorical_accuracy: 0.5929 - prune_low_magnitude_jet_id_output_weighted_categorical_accuracy: 0.5309 - prune_low_magnitude_pT_output_mae: 0.2203 - prune_low_magnitude_pT_output_mean_squared_error: 0.1191 - prune_low_magnitude_pT_output_weighted_mae: 0.1683 - prune_low_magnitude_pT_output_weighted_mean_squared_error: 0.0715 - val_loss: 0.6078 - val_prune_low_magnitude_jet_id_output_loss: 0.5869 - val_prune_low_magnitude_pT_output_loss: 0.0209 - val_prune_low_magnitude_jet_id_output_categorical_accuracy: 0.6989 - val_prune_low_magnitude_jet_id_output_weighted_categorical_accuracy: 0.4968 - val_prune_low_magnitude_pT_output_mae: 0.3214 - val_prune_low_magnitude_pT_output_mean_squared_error: 0.2068 - val_prune_low_magnitude_pT_output_weighted_mae: 0.1580 - val_prune_low_magnitude_pT_output_weighted_mean_squared_error: 0.0572 - lr: 1.0000e-04 - 132s/epoch - 14ms/step
Epoch 12/300
9406/9406 - 132s - loss: 0.5788 - prune_low_magnitude_jet_id_output_loss: 0.5440 - prune_low_magnitude_pT_output_loss: 0.0348 - prune_low_magnitude_jet_id_output_categorical_accuracy: 0.5943 - prune_low_magnitude_jet_id_output_weighted_categorical_accuracy: 0.5327 - prune_low_magnitude_pT_output_mae: 0.2190 - prune_low_magnitude_pT_output_mean_squared_error: 0.1176 - prune_low_magnitude_pT_output_weighted_mae: 0.1676 - prune_low_magnitude_pT_output_weighted_mean_squared_error: 0.0708 - val_loss: 0.5048 - val_prune_low_magnitude_jet_id_output_loss: 0.4841 - val_prune_low_magnitude_pT_output_loss: 0.0207 - val_prune_low_magnitude_jet_id_output_categorical_accuracy: 0.7551 - val_prune_low_magnitude_jet_id_output_weighted_categorical_accuracy: 0.6085 - val_prune_low_magnitude_pT_output_mae: 0.3228 - val_prune_low_magnitude_pT_output_mean_squared_error: 0.2065 - val_prune_low_magnitude_pT_output_weighted_mae: 0.1559 - val_prune_low_magnitude_pT_output_weighted_mean_squared_error: 0.0566 - lr: 1.0000e-04 - 132s/epoch - 14ms/step
Epoch 13/300
9406/9406 - 132s - loss: 0.5755 - prune_low_magnitude_jet_id_output_loss: 0.5410 - prune_low_magnitude_pT_output_loss: 0.0344 - prune_low_magnitude_jet_id_output_categorical_accuracy: 0.5973 - prune_low_magnitude_jet_id_output_weighted_categorical_accuracy: 0.5352 - prune_low_magnitude_pT_output_mae: 0.2175 - prune_low_magnitude_pT_output_mean_squared_error: 0.1164 - prune_low_magnitude_pT_output_weighted_mae: 0.1667 - prune_low_magnitude_pT_output_weighted_mean_squared_error: 0.0701 - val_loss: 0.5246 - val_prune_low_magnitude_jet_id_output_loss: 0.5040 - val_prune_low_magnitude_pT_output_loss: 0.0206 - val_prune_low_magnitude_jet_id_output_categorical_accuracy: 0.7510 - val_prune_low_magnitude_jet_id_output_weighted_categorical_accuracy: 0.5924 - val_prune_low_magnitude_pT_output_mae: 0.3205 - val_prune_low_magnitude_pT_output_mean_squared_error: 0.2043 - val_prune_low_magnitude_pT_output_weighted_mae: 0.1554 - val_prune_low_magnitude_pT_output_weighted_mean_squared_error: 0.0564 - lr: 5.0000e-05 - 132s/epoch - 14ms/step
Epoch 14/300
9406/9406 - 133s - loss: 0.5744 - prune_low_magnitude_jet_id_output_loss: 0.5401 - prune_low_magnitude_pT_output_loss: 0.0343 - prune_low_magnitude_jet_id_output_categorical_accuracy: 0.5981 - prune_low_magnitude_jet_id_output_weighted_categorical_accuracy: 0.5359 - prune_low_magnitude_pT_output_mae: 0.2171 - prune_low_magnitude_pT_output_mean_squared_error: 0.1159 - prune_low_magnitude_pT_output_weighted_mae: 0.1664 - prune_low_magnitude_pT_output_weighted_mean_squared_error: 0.0698 - val_loss: 0.5073 - val_prune_low_magnitude_jet_id_output_loss: 0.4870 - val_prune_low_magnitude_pT_output_loss: 0.0204 - val_prune_low_magnitude_jet_id_output_categorical_accuracy: 0.7675 - val_prune_low_magnitude_jet_id_output_weighted_categorical_accuracy: 0.6022 - val_prune_low_magnitude_pT_output_mae: 0.3152 - val_prune_low_magnitude_pT_output_mean_squared_error: 0.2011 - val_prune_low_magnitude_pT_output_weighted_mae: 0.1515 - val_prune_low_magnitude_pT_output_weighted_mean_squared_error: 0.0559 - lr: 5.0000e-05 - 133s/epoch - 14ms/step
Epoch 15/300
9406/9406 - 133s - loss: 0.5741 - prune_low_magnitude_jet_id_output_loss: 0.5399 - prune_low_magnitude_pT_output_loss: 0.0342 - prune_low_magnitude_jet_id_output_categorical_accuracy: 0.5989 - prune_low_magnitude_jet_id_output_weighted_categorical_accuracy: 0.5362 - prune_low_magnitude_pT_output_mae: 0.2162 - prune_low_magnitude_pT_output_mean_squared_error: 0.1152 - prune_low_magnitude_pT_output_weighted_mae: 0.1661 - prune_low_magnitude_pT_output_weighted_mean_squared_error: 0.0696 - val_loss: 0.4960 - val_prune_low_magnitude_jet_id_output_loss: 0.4758 - val_prune_low_magnitude_pT_output_loss: 0.0202 - val_prune_low_magnitude_jet_id_output_categorical_accuracy: 0.7561 - val_prune_low_magnitude_jet_id_output_weighted_categorical_accuracy: 0.6287 - val_prune_low_magnitude_pT_output_mae: 0.3190 - val_prune_low_magnitude_pT_output_mean_squared_error: 0.2053 - val_prune_low_magnitude_pT_output_weighted_mae: 0.1531 - val_prune_low_magnitude_pT_output_weighted_mean_squared_error: 0.0554 - lr: 5.0000e-05 - 133s/epoch - 14ms/step
Epoch 16/300
9406/9406 - 135s - loss: 0.5730 - prune_low_magnitude_jet_id_output_loss: 0.5389 - prune_low_magnitude_pT_output_loss: 0.0341 - prune_low_magnitude_jet_id_output_categorical_accuracy: 0.5993 - prune_low_magnitude_jet_id_output_weighted_categorical_accuracy: 0.5373 - prune_low_magnitude_pT_output_mae: 0.2160 - prune_low_magnitude_pT_output_mean_squared_error: 0.1149 - prune_low_magnitude_pT_output_weighted_mae: 0.1659 - prune_low_magnitude_pT_output_weighted_mean_squared_error: 0.0694 - val_loss: 0.4867 - val_prune_low_magnitude_jet_id_output_loss: 0.4664 - val_prune_low_magnitude_pT_output_loss: 0.0203 - val_prune_low_magnitude_jet_id_output_categorical_accuracy: 0.7524 - val_prune_low_magnitude_jet_id_output_weighted_categorical_accuracy: 0.6348 - val_prune_low_magnitude_pT_output_mae: 0.3193 - val_prune_low_magnitude_pT_output_mean_squared_error: 0.2059 - val_prune_low_magnitude_pT_output_weighted_mae: 0.1547 - val_prune_low_magnitude_pT_output_weighted_mean_squared_error: 0.0558 - lr: 5.0000e-05 - 135s/epoch - 14ms/step
Epoch 17/300
9406/9406 - 135s - loss: 0.5728 - prune_low_magnitude_jet_id_output_loss: 0.5388 - prune_low_magnitude_pT_output_loss: 0.0340 - prune_low_magnitude_jet_id_output_categorical_accuracy: 0.5991 - prune_low_magnitude_jet_id_output_weighted_categorical_accuracy: 0.5375 - prune_low_magnitude_pT_output_mae: 0.2157 - prune_low_magnitude_pT_output_mean_squared_error: 0.1147 - prune_low_magnitude_pT_output_weighted_mae: 0.1658 - prune_low_magnitude_pT_output_weighted_mean_squared_error: 0.0692 - val_loss: 0.4621 - val_prune_low_magnitude_jet_id_output_loss: 0.4420 - val_prune_low_magnitude_pT_output_loss: 0.0201 - val_prune_low_magnitude_jet_id_output_categorical_accuracy: 0.7959 - val_prune_low_magnitude_jet_id_output_weighted_categorical_accuracy: 0.6545 - val_prune_low_magnitude_pT_output_mae: 0.3174 - val_prune_low_magnitude_pT_output_mean_squared_error: 0.2048 - val_prune_low_magnitude_pT_output_weighted_mae: 0.1524 - val_prune_low_magnitude_pT_output_weighted_mean_squared_error: 0.0552 - lr: 5.0000e-05 - 135s/epoch - 14ms/step
/home/akseli/miniconda3/envs/tagger/lib/python3.11/site-packages/keras/src/constraints.py:365: UserWarning: The `keras.constraints.serialize()` API should only be used for objects of type `keras.constraints.Constraint`. Found an instance of type <class 'qkeras.quantizers.quantized_bits'>, which may lead to improper serialization.
  warnings.warn(
Model saved to output/all/model/saved_model.keras
